// Jest Snapshot v1, https://goo.gl/fbAQLP

exports[`<Burger /> tests should match snapshot 1`] = `
<DocumentFragment>
  <button
    class="sc-beySPh hiCbqQ"
    data-testid="burger-button"
  >
    <div />
    <div />
    <div />
  </button>
</DocumentFragment>
`;
